[0m20:03:20.014603 [debug] [MainThread]: Sending event: {'category': 'dbt', 'action': 'invocation', 'label': 'start', 'context': [<snowplow_tracker.self_describing_json.SelfDescribingJson object at 0x00000274B94F5010>, <snowplow_tracker.self_describing_json.SelfDescribingJson object at 0x00000274BBB0BED0>, <snowplow_tracker.self_describing_json.SelfDescribingJson object at 0x00000274BBB0BB10>]}


============================== 20:03:20.088483 | 09855370-149a-4171-9e30-b8b26a0875da ==============================
[0m20:03:20.088483 [info ] [MainThread]: Running with dbt=1.12.4
[0m20:03:20.091740 [debug] [MainThread]: running dbt with arguments {'maximum_seed_size_mib': '1', 'no_print': 'None', 'static_parser': 'True', 'target_path': 'None', 'version_check': 'True', 'warn_error_options': 'WarnErrorOptionsV2(error=[], warn=[], silence=[])', 'printer_width': '80', 'write_json': 'True', 'introspect': 'True', 'log_cache_events': 'False', 'empty': 'None', 'cache_selected_only': 'False', 'log_format': 'default', 'debug': 'False', 'fail_fast': 'False', 'profiles_dir': 'C:\\Users\\Rickard\\.dbt', 'send_anonymous_usage_stats': 'True', 'quiet': 'False', 'warn_error': 'None', 'partial_parse': 'True', 'use_colors': 'True', 'hints_enabled': 'True', 'indirect_selection': 'eager', 'use_experimental_parser': 'False', 'invocation_command': 'dbt init', 'log_path': 'logs'}
[0m20:03:20.196896 [info ] [MainThread]: Creating dbt configuration folder at C:\Users\Rickard\.dbt
[0m20:04:14.534170 [debug] [MainThread]: Starter project path: C:\Users\Rickard\Documents\github\apex-analytics\.venv\Lib\site-packages\dbt\include\starter_project
[0m20:04:14.556560 [info ] [MainThread]: Setting up your profile.
[0m20:04:20.047815 [debug] [MainThread]: Snowflake adapter: Setting snowflake.connector to ERROR (file logging only)
[0m20:04:20.048294 [debug] [MainThread]: Snowflake adapter: Setting botocore to ERROR (file logging only)
[0m20:04:20.048629 [debug] [MainThread]: Snowflake adapter: Setting boto3 to ERROR (file logging only)
[0m20:12:39.870133 [info ] [MainThread]: Profile apex_analytics written to C:\Users\Rickard\.dbt\profiles.yml using target's profile_template.yml and your supplied values.
[0m20:12:39.878474 [info ] [MainThread]: Running dbt debug to validate the project...
[0m20:12:39.879215 [info ] [MainThread]: dbt version: 1.12.4
[0m20:12:39.879664 [info ] [MainThread]: python version: 3.13.5
[0m20:12:39.880270 [info ] [MainThread]: python path: C:\Users\Rickard\Documents\github\apex-analytics\.venv\Scripts\python.exe
[0m20:12:39.880836 [info ] [MainThread]: os info: Windows-10-10.0.19045-SP0
[0m20:12:39.956390 [info ] [MainThread]: Using profiles dir at C:\Users\Rickard\.dbt
[0m20:12:39.956932 [info ] [MainThread]: Using profiles.yml file at C:\Users\Rickard\.dbt\profiles.yml
[0m20:12:39.957391 [info ] [MainThread]: Using dbt_project.yml file at C:\Users\Rickard\Documents\github\apex-analytics\apex_analytics\dbt_project.yml
[0m20:12:39.959328 [info ] [MainThread]: adapter type: snowflake
[0m20:12:39.959787 [info ] [MainThread]: adapter version: 1.12.0
[0m20:12:40.087507 [info ] [MainThread]: Configuration:
[0m20:12:40.088064 [info ] [MainThread]:   profiles.yml file [[32mOK found and valid[0m]
[0m20:12:40.088529 [info ] [MainThread]:   dbt_project.yml file [[32mOK found and valid[0m]
[0m20:12:40.088976 [info ] [MainThread]: Required dependencies:
[0m20:12:40.089444 [debug] [MainThread]: Executing "git --help"
[0m20:12:40.112328 [debug] [MainThread]: STDOUT: "b"usage: git [-v | --version] [-h | --help] [-C <path>] [-c <name>=<value>]\n           [--exec-path[=<path>]] [--html-path] [--man-path] [--info-path]\n           [-p | --paginate | -P | --no-pager] [--no-replace-objects] [--no-lazy-fetch]\n           [--no-optional-locks] [--no-advice] [--bare] [--git-dir=<path>]\n           [--work-tree=<path>] [--namespace=<name>] [--config-env=<name>=<envvar>]\n           <command> [<args>]\n\nThese are common Git commands used in various situations:\n\nstart a working area (see also: git help tutorial)\n   clone      Clone a repository into a new directory\n   init       Create an empty Git repository or reinitialize an existing one\n\nwork on the current change (see also: git help everyday)\n   add        Add file contents to the index\n   mv         Move or rename a file, a directory, or a symlink\n   restore    Restore working tree files\n   rm         Remove files from the working tree and from the index\n\nexamine the history and state (see also: git help revisions)\n   bisect     Use binary search to find the commit that introduced a bug\n   diff       Show changes between commits, commit and working tree, etc\n   grep       Print lines matching a pattern\n   log        Show commit logs\n   show       Show various types of objects\n   status     Show the working tree status\n\ngrow, mark and tweak your common history\n   backfill   Download missing objects in a partial clone\n   branch     List, create, or delete branches\n   commit     Record changes to the repository\n   merge      Join two or more development histories together\n   rebase     Reapply commits on top of another base tip\n   reset      Reset current HEAD to the specified state\n   switch     Switch branches\n   tag        Create, list, delete or verify a tag object signed with GPG\n\ncollaborate (see also: git help workflows)\n   fetch      Download objects and refs from another repository\n   pull       Fetch from and integrate with another repository or a local branch\n   push       Update remote refs along with associated objects\n\n'git help -a' and 'git help -g' list available subcommands and some\nconcept guides. See 'git help <command>' or 'git help <concept>'\nto read about a specific subcommand or concept.\nSee 'git help git' for an overview of the system.\n""
[0m20:12:40.112802 [debug] [MainThread]: STDERR: "b''"
[0m20:12:40.113121 [info ] [MainThread]:  - git [[32mOK found[0m]

[0m20:12:40.113563 [info ] [MainThread]: Connection:
[0m20:12:40.114017 [info ] [MainThread]:   account: https://mxivcxn-hw87130.snowflakecomputing.com
[0m20:12:40.114504 [info ] [MainThread]:   user: garnau
[0m20:12:40.114990 [info ] [MainThread]:   database: f1_db
[0m20:12:40.115381 [info ] [MainThread]:   warehouse: dev_wh
[0m20:12:40.115749 [info ] [MainThread]:   role: sysadmin
[0m20:12:40.116143 [info ] [MainThread]:   schema: f1_db.staging
[0m20:12:40.116527 [info ] [MainThread]:   authenticator: None
[0m20:12:40.116993 [info ] [MainThread]:   oauth_client_id: None
[0m20:12:40.117390 [info ] [MainThread]:   query_tag: None
[0m20:12:40.117863 [info ] [MainThread]:   client_session_keep_alive: False
[0m20:12:40.118349 [info ] [MainThread]:   host: None
[0m20:12:40.118845 [info ] [MainThread]:   port: None
[0m20:12:40.119271 [info ] [MainThread]:   proxy_host: None
[0m20:12:40.119696 [info ] [MainThread]:   proxy_port: None
[0m20:12:40.120113 [info ] [MainThread]:   protocol: None
[0m20:12:40.120489 [info ] [MainThread]:   connect_retries: 1
[0m20:12:40.120962 [info ] [MainThread]:   connect_timeout: None
[0m20:12:40.121382 [info ] [MainThread]:   retry_on_database_errors: False
[0m20:12:40.121857 [info ] [MainThread]:   retry_all: False
[0m20:12:40.122287 [info ] [MainThread]:   insecure_mode: False
[0m20:12:40.122715 [info ] [MainThread]:   reuse_connections: True
[0m20:12:40.123165 [info ] [MainThread]:   s3_stage_vpce_dns_name: None
[0m20:12:40.123616 [info ] [MainThread]:   workload_identity_provider: None
[0m20:12:40.124027 [info ] [MainThread]:   workload_identity_entra_resource: None
[0m20:12:40.124445 [info ] [MainThread]:   platform_detection_timeout_seconds: 0.0
[0m20:12:40.125272 [info ] [MainThread]: Registered adapter: snowflake=1.12.0
[0m20:12:40.572557 [debug] [MainThread]: Acquiring new snowflake connection 'debug'
[0m20:12:40.578137 [debug] [MainThread]: Using snowflake connection "debug"
[0m20:12:40.578503 [debug] [MainThread]: On debug: select 1 as id
[0m20:12:40.578807 [debug] [MainThread]: Opening a new connection, currently in state init
[0m20:12:40.608011 [debug] [MainThread]: Snowflake adapter: Error running SQL: select 1 as id
[0m20:12:40.608418 [debug] [MainThread]: Snowflake adapter: Rolling back transaction.
[0m20:12:40.608767 [info ] [MainThread]:   Connection test: [[31mERROR[0m]

[0m20:12:40.609238 [info ] [MainThread]: [31m1 check failed:[0m
[0m20:12:40.609699 [info ] [MainThread]: dbt was unable to connect to the specified database.
The database returned the following error:

  >Database Error
  251001: Invalid account identifier: only letters, digits, '_', '-' and '.' (as a label separator) allowed; no slashes or backslashes

Check your database credentials and try again. For more information, visit:
https://docs.getdbt.com/docs/configure-your-profile


[0m20:12:40.610182 [info ] [MainThread]: Your new dbt project "apex_analytics" was created!
Initialized new project in C:\Users\Rickard\Documents\github\apex-analytics\apex_analytics\apex_analytics

For more information on how to configure the profiles.yml file,
please consult the dbt documentation here:

  https://docs.getdbt.com/docs/configure-your-profile

One more thing:

Need help? Don't hesitate to reach out to us via GitHub issues or on Slack:

  https://community.getdbt.com/

Happy modeling!

[0m20:12:40.610648 [info ] [MainThread]: [31mYour profile may need adjustments. You can find the logs of `dbt debug` above[0m
[0m20:12:40.612194 [debug] [MainThread]: Command `dbt init` succeeded at 20:12:40.612078 after 560.76 seconds
[0m20:12:40.612516 [debug] [MainThread]: Connection 'debug' was left open.
[0m20:12:40.612813 [debug] [MainThread]: On debug: No close available on handle
[0m20:12:40.613133 [debug] [MainThread]: Sending event: {'category': 'dbt', 'action': 'invocation', 'label': 'end', 'context': [<snowplow_tracker.self_describing_json.SelfDescribingJson object at 0x00000274D54F8E90>, <snowplow_tracker.self_describing_json.SelfDescribingJson object at 0x00000274BB996210>, <snowplow_tracker.self_describing_json.SelfDescribingJson object at 0x00000274D66A59D0>]}
[0m20:12:40.613521 [debug] [MainThread]: Flushing usage events
[0m20:12:41.549693 [debug] [MainThread]: An error was encountered while trying to flush usage events
[0m20:17:05.158975 [debug] [MainThread]: Sending event: {'category': 'dbt', 'action': 'invocation', 'label': 'start', 'context': [<snowplow_tracker.self_describing_json.SelfDescribingJson object at 0x00000219AAE1E3C0>, <snowplow_tracker.self_describing_json.SelfDescribingJson object at 0x00000219AD43FED0>, <snowplow_tracker.self_describing_json.SelfDescribingJson object at 0x00000219AD43FB10>]}


============================== 20:17:05.163152 | 0ac9554d-f25a-49be-adbb-8f535fbcc04e ==============================
[0m20:17:05.163152 [info ] [MainThread]: Running with dbt=1.12.4
[0m20:17:05.163799 [debug] [MainThread]: running dbt with arguments {'maximum_seed_size_mib': '1', 'no_print': 'None', 'static_parser': 'True', 'warn_error_options': 'WarnErrorOptionsV2(error=[], warn=[], silence=[])', 'target_path': 'None', 'version_check': 'True', 'printer_width': '80', 'write_json': 'True', 'introspect': 'True', 'log_cache_events': 'False', 'empty': 'None', 'cache_selected_only': 'False', 'log_format': 'default', 'debug': 'False', 'fail_fast': 'False', 'profiles_dir': 'C:\\Users\\Rickard\\.dbt', 'send_anonymous_usage_stats': 'True', 'quiet': 'False', 'warn_error': 'None', 'partial_parse': 'True', 'invocation_command': 'dbt init', 'hints_enabled': 'True', 'indirect_selection': 'eager', 'use_experimental_parser': 'False', 'use_colors': 'True', 'log_path': 'logs'}
[0m20:17:13.995361 [info ] [MainThread]: A project called apex_analytics already exists here.
[0m20:17:13.997116 [debug] [MainThread]: Command `dbt init` succeeded at 20:17:13.996961 after 9.03 seconds
[0m20:17:13.997585 [debug] [MainThread]: Sending event: {'category': 'dbt', 'action': 'invocation', 'label': 'end', 'context': [<snowplow_tracker.self_describing_json.SelfDescribingJson object at 0x00000219AD44FBB0>, <snowplow_tracker.self_describing_json.SelfDescribingJson object at 0x00000219AD4A1010>, <snowplow_tracker.self_describing_json.SelfDescribingJson object at 0x00000219AD467350>]}
[0m20:17:13.998135 [debug] [MainThread]: Flushing usage events
[0m20:17:14.893693 [debug] [MainThread]: An error was encountered while trying to flush usage events
[0m20:20:08.242376 [debug] [MainThread]: Sending event: {'category': 'dbt', 'action': 'invocation', 'label': 'start', 'context': [<snowplow_tracker.self_describing_json.SelfDescribingJson object at 0x000002BC2E5FE3C0>, <snowplow_tracker.self_describing_json.SelfDescribingJson object at 0x000002BC30C0FED0>, <snowplow_tracker.self_describing_json.SelfDescribingJson object at 0x000002BC30C0FB10>]}


============================== 20:20:08.246864 | 122ee15f-6f2a-494e-8c22-ad4b65bfca68 ==============================
[0m20:20:08.246864 [info ] [MainThread]: Running with dbt=1.12.4
[0m20:20:08.247552 [debug] [MainThread]: running dbt with arguments {'static_parser': 'True', 'no_print': 'None', 'version_check': 'True', 'warn_error_options': 'WarnErrorOptionsV2(error=[], warn=[], silence=[])', 'maximum_seed_size_mib': '1', 'target_path': 'None', 'printer_width': '80', 'write_json': 'True', 'empty': 'None', 'log_cache_events': 'False', 'introspect': 'True', 'cache_selected_only': 'False', 'log_format': 'default', 'debug': 'False', 'fail_fast': 'False', 'partial_parse': 'True', 'send_anonymous_usage_stats': 'True', 'quiet': 'False', 'warn_error': 'None', 'profiles_dir': 'C:\\Users\\Rickard\\.dbt', 'indirect_selection': 'eager', 'hints_enabled': 'True', 'use_colors': 'True', 'use_experimental_parser': 'False', 'invocation_command': 'dbt init', 'log_path': 'logs'}
[0m20:20:15.137477 [info ] [MainThread]: A project called apex_analytics already exists here.
[0m20:20:15.139150 [debug] [MainThread]: Command `dbt init` succeeded at 20:20:15.138999 after 7.10 seconds
[0m20:20:15.139606 [debug] [MainThread]: Sending event: {'category': 'dbt', 'action': 'invocation', 'label': 'end', 'context': [<snowplow_tracker.self_describing_json.SelfDescribingJson object at 0x000002BC30C1FBB0>, <snowplow_tracker.self_describing_json.SelfDescribingJson object at 0x000002BC30C71010>, <snowplow_tracker.self_describing_json.SelfDescribingJson object at 0x000002BC30C33350>]}
[0m20:20:15.140108 [debug] [MainThread]: Flushing usage events
[0m20:20:16.040538 [debug] [MainThread]: An error was encountered while trying to flush usage events
[0m20:25:12.264045 [debug] [MainThread]: Sending event: {'category': 'dbt', 'action': 'invocation', 'label': 'start', 'context': [<snowplow_tracker.self_describing_json.SelfDescribingJson object at 0x000001FF5E9CE3C0>, <snowplow_tracker.self_describing_json.SelfDescribingJson object at 0x000001FF60FEFED0>, <snowplow_tracker.self_describing_json.SelfDescribingJson object at 0x000001FF60FEFB10>]}


============================== 20:25:12.268266 | 8922ee42-3452-4d74-b161-2d60571d9f71 ==============================
[0m20:25:12.268266 [info ] [MainThread]: Running with dbt=1.12.4
[0m20:25:12.268880 [debug] [MainThread]: running dbt with arguments {'version_check': 'True', 'no_print': 'None', 'maximum_seed_size_mib': '1', 'warn_error_options': 'WarnErrorOptionsV2(error=[], warn=[], silence=[])', 'target_path': 'None', 'static_parser': 'True', 'printer_width': '80', 'write_json': 'True', 'empty': 'None', 'log_cache_events': 'False', 'introspect': 'True', 'cache_selected_only': 'False', 'fail_fast': 'False', 'debug': 'False', 'log_format': 'default', 'partial_parse': 'True', 'send_anonymous_usage_stats': 'True', 'quiet': 'False', 'warn_error': 'None', 'profiles_dir': 'C:\\Users\\Rickard\\.dbt', 'use_colors': 'True', 'hints_enabled': 'True', 'invocation_command': 'dbt debug', 'use_experimental_parser': 'False', 'indirect_selection': 'eager', 'log_path': 'logs'}
[0m20:25:12.291517 [info ] [MainThread]: dbt version: 1.12.4
[0m20:25:12.292109 [info ] [MainThread]: python version: 3.13.5
[0m20:25:12.292558 [info ] [MainThread]: python path: C:\Users\Rickard\Documents\github\apex-analytics\.venv\Scripts\python.exe
[0m20:25:12.293003 [info ] [MainThread]: os info: Windows-10-10.0.19045-SP0
[0m20:25:13.175481 [debug] [MainThread]: Snowflake adapter: Setting snowflake.connector to ERROR (file logging only)
[0m20:25:13.175987 [debug] [MainThread]: Snowflake adapter: Setting botocore to ERROR (file logging only)
[0m20:25:13.176601 [debug] [MainThread]: Snowflake adapter: Setting boto3 to ERROR (file logging only)
[0m20:25:13.343589 [info ] [MainThread]: Using profiles dir at C:\Users\Rickard\.dbt
[0m20:25:13.344199 [info ] [MainThread]: Using profiles.yml file at C:\Users\Rickard\.dbt\profiles.yml
[0m20:25:13.344733 [info ] [MainThread]: Using dbt_project.yml file at C:\Users\Rickard\Documents\github\apex-analytics\dbt_project.yml
[0m20:25:13.345879 [info ] [MainThread]: adapter type: snowflake
[0m20:25:13.346299 [info ] [MainThread]: adapter version: 1.12.0
[0m20:25:13.346768 [info ] [MainThread]: Configuration:
[0m20:25:13.347130 [info ] [MainThread]:   profiles.yml file [[32mOK found and valid[0m]
[0m20:25:13.347567 [info ] [MainThread]:   dbt_project.yml file [[31mERROR not found[0m]
[0m20:25:13.347957 [info ] [MainThread]: Required dependencies:
[0m20:25:13.348362 [debug] [MainThread]: Executing "git --help"
[0m20:25:13.368011 [debug] [MainThread]: STDOUT: "b"usage: git [-v | --version] [-h | --help] [-C <path>] [-c <name>=<value>]\n           [--exec-path[=<path>]] [--html-path] [--man-path] [--info-path]\n           [-p | --paginate | -P | --no-pager] [--no-replace-objects] [--no-lazy-fetch]\n           [--no-optional-locks] [--no-advice] [--bare] [--git-dir=<path>]\n           [--work-tree=<path>] [--namespace=<name>] [--config-env=<name>=<envvar>]\n           <command> [<args>]\n\nThese are common Git commands used in various situations:\n\nstart a working area (see also: git help tutorial)\n   clone      Clone a repository into a new directory\n   init       Create an empty Git repository or reinitialize an existing one\n\nwork on the current change (see also: git help everyday)\n   add        Add file contents to the index\n   mv         Move or rename a file, a directory, or a symlink\n   restore    Restore working tree files\n   rm         Remove files from the working tree and from the index\n\nexamine the history and state (see also: git help revisions)\n   bisect     Use binary search to find the commit that introduced a bug\n   diff       Show changes between commits, commit and working tree, etc\n   grep       Print lines matching a pattern\n   log        Show commit logs\n   show       Show various types of objects\n   status     Show the working tree status\n\ngrow, mark and tweak your common history\n   backfill   Download missing objects in a partial clone\n   branch     List, create, or delete branches\n   commit     Record changes to the repository\n   merge      Join two or more development histories together\n   rebase     Reapply commits on top of another base tip\n   reset      Reset current HEAD to the specified state\n   switch     Switch branches\n   tag        Create, list, delete or verify a tag object signed with GPG\n\ncollaborate (see also: git help workflows)\n   fetch      Download objects and refs from another repository\n   pull       Fetch from and integrate with another repository or a local branch\n   push       Update remote refs along with associated objects\n\n'git help -a' and 'git help -g' list available subcommands and some\nconcept guides. See 'git help <command>' or 'git help <concept>'\nto read about a specific subcommand or concept.\nSee 'git help git' for an overview of the system.\n""
[0m20:25:13.368446 [debug] [MainThread]: STDERR: "b''"
[0m20:25:13.368795 [info ] [MainThread]:  - git [[32mOK found[0m]

[0m20:25:13.369207 [info ] [MainThread]: Connection:
[0m20:25:13.369674 [info ] [MainThread]:   account: mxivcxn-hw87130
[0m20:25:13.370092 [info ] [MainThread]:   user: garnau
[0m20:25:13.370485 [info ] [MainThread]:   database: f1_db
[0m20:25:13.370878 [info ] [MainThread]:   warehouse: dev_wh
[0m20:25:13.371239 [info ] [MainThread]:   role: sysadmin
[0m20:25:13.371643 [info ] [MainThread]:   schema: staging
[0m20:25:13.372004 [info ] [MainThread]:   authenticator: None
[0m20:25:13.372363 [info ] [MainThread]:   oauth_client_id: None
[0m20:25:13.372720 [info ] [MainThread]:   query_tag: None
[0m20:25:13.373084 [info ] [MainThread]:   client_session_keep_alive: False
[0m20:25:13.373435 [info ] [MainThread]:   host: None
[0m20:25:13.373790 [info ] [MainThread]:   port: None
[0m20:25:13.374180 [info ] [MainThread]:   proxy_host: None
[0m20:25:13.374544 [info ] [MainThread]:   proxy_port: None
[0m20:25:13.374905 [info ] [MainThread]:   protocol: None
[0m20:25:13.375309 [info ] [MainThread]:   connect_retries: 1
[0m20:25:13.375791 [info ] [MainThread]:   connect_timeout: None
[0m20:25:13.376308 [info ] [MainThread]:   retry_on_database_errors: False
[0m20:25:13.376743 [info ] [MainThread]:   retry_all: False
[0m20:25:13.377152 [info ] [MainThread]:   insecure_mode: False
[0m20:25:13.377568 [info ] [MainThread]:   reuse_connections: True
[0m20:25:13.377991 [info ] [MainThread]:   s3_stage_vpce_dns_name: None
[0m20:25:13.378399 [info ] [MainThread]:   workload_identity_provider: None
[0m20:25:13.378808 [info ] [MainThread]:   workload_identity_entra_resource: None
[0m20:25:13.379189 [info ] [MainThread]:   platform_detection_timeout_seconds: 0.0
[0m20:25:13.379819 [info ] [MainThread]: Registered adapter: snowflake=1.12.0
[0m20:25:13.815839 [debug] [MainThread]: Acquiring new snowflake connection 'debug'
[0m20:25:13.818182 [debug] [MainThread]: Using snowflake connection "debug"
[0m20:25:13.818489 [debug] [MainThread]: On debug: select 1 as id
[0m20:25:13.818770 [debug] [MainThread]: Opening a new connection, currently in state init
[0m20:25:14.409947 [debug] [MainThread]: Snowflake adapter: Error running SQL: select 1 as id
[0m20:25:14.410458 [debug] [MainThread]: Snowflake adapter: Rolling back transaction.
[0m20:25:14.410909 [info ] [MainThread]:   Connection test: [[31mERROR[0m]

[0m20:25:14.411532 [info ] [MainThread]: [31m2 checks failed:[0m
[0m20:25:14.412099 [info ] [MainThread]: Project loading failed for the following reason:
 project path <C:\Users\Rickard\Documents\github\apex-analytics\dbt_project.yml> not found

[0m20:25:14.412645 [info ] [MainThread]: dbt was unable to connect to the specified database.
The database returned the following error:

  >Database Error
  390100 (28000): Failed to connect to DB: mxivcxn-hw87130.snowflakecomputing.com:443. Incorrect username or password was specified. [28b93a54-b27b-4f3e-90e4-4759828ac4de]

Check your database credentials and try again. For more information, visit:
https://docs.getdbt.com/docs/configure-your-profile


[0m20:25:14.414292 [debug] [MainThread]: Command `dbt debug` failed at 20:25:14.414152 after 2.34 seconds
[0m20:25:14.414815 [debug] [MainThread]: Connection 'debug' was left open.
[0m20:25:14.415183 [debug] [MainThread]: On debug: No close available on handle
[0m20:25:14.415588 [debug] [MainThread]: Sending event: {'category': 'dbt', 'action': 'invocation', 'label': 'end', 'context': [<snowplow_tracker.self_describing_json.SelfDescribingJson object at 0x000001FF7AC88180>, <snowplow_tracker.self_describing_json.SelfDescribingJson object at 0x000001FF7AAFE210>, <snowplow_tracker.self_describing_json.SelfDescribingJson object at 0x000001FF5CF3EF10>]}
[0m20:25:14.416024 [debug] [MainThread]: Flushing usage events
[0m20:25:15.317070 [debug] [MainThread]: An error was encountered while trying to flush usage events
